// Jest Snapshot v1, https://goo.gl/fbAQLP

exports[`BaseEditorV3 Basic render 1`] = `"<div><div class="holder" style="height: calc(1.5em + 26px); min-height: calc(1.5em + 26px);"><label class="label" id="test-editor-label" for="test-editor">Base editor test</label><div class="editorHolder"><div aria-labelledby="test-editor-label" class="aiev3" id="test-editor"><div style="width: 100%; height: 100%;" class="aiw-ContextMenu-module-WinFxq-contextMenuHandler "><div class="aiev3-resize" style="background-color: lightgray; height: 100%; min-height: 100%;"><div id="test-editor-editable" class="aiev3-editing singleline" contenteditable="true" role="textbox" spellcheck="false"><div class="aiev3-line left"><span class="aiev3-tb" data-line-start-position="0"> </span></div></div></div></div></div></div></div></div>"`;

exports[`BaseEditorV3 Draw and fire cursor events 1`] = `"<div class="holder" style="min-width: 200px; width: 600px; max-width: 800px; min-height: 100px; height: 200px; max-height: 400px; resize: vertical; overflow: auto;"><label class="label" id="test-editor-label" for="test-editor">Base editor test</label><div class="editorHolder"><div aria-labelledby="test-editor-label" class="aiev3" id="test-editor"><div style="width: 100%; height: 100%;" class="aiw-ContextMenu-module-WinFxq-contextMenuHandler "><div class="aiev3-resize" style="min-width: 100%; width: 100%; max-width: 100%; min-height: 100%; height: 100%; max-height: 100%;"><div id="test-editor-editable" class="aiev3-editing multiline" contenteditable="false" spellcheck="false"><div class="aiev3-line left"><span class="aiev3-tb" data-line-start-position="0">34.45</span></div><div class="aiev3-line left"><span class="aiev3-tb" data-line-start-position="0"> </span></div><div class="aiev3-line left"><span class="aiev3-tb editorv3style-shiny" data-line-start-position="0" data-style-name="shiny" style="color: pink; font-weight: 700;">x.xx</span></div></div></div></div></div></div></div>"`;
