// Jest Snapshot v1, https://goo.gl/fbAQLP

exports[`Add at block and escape out Change at list length 1`] = `"<div data-testid="test-editor" class="aiev3 editing" id="test-editor"><div style="width: 100%; height: 100%;" class="aiw-ContextMenu-module-WinFxq-contextMenuHandler "><div class="aiev3-resize aiev3-resize-border"><div id="test-editor-editable" class="aiev3-editing singleline" contenteditable="true" role="textbox" spellcheck="false"><div class="aiev3-line left"><span class="aiev3-tb at-block is-active" data-type="at">@<ul style="z-index: 1000; left: 0px; top: 0px;" class="aiev3-at-dropdown-list skip-read"><li class="aiev3-at-item" data-text="@Hello" data-id="1">@Hello</li><li class="aiev3-at-item" data-text="@Lovely" data-id="2">@Lovely</li><li class="aiev3-at-item" data-text="@People" data-id="3">@People</li><li class="aiev3-at-item" data-text="@aa" data-ix="a">@aa</li><li class="aiev3-at-item" data-text="@bb" data-ix="b">@bb</li><li class="aiev3-more-items">...24 more</li></ul></span><span class="aiev3-tb"> </span></div><div class="aiev3-contents-info" data-max-at-list-length="5"></div></div></div></div></div>"`;

exports[`Editor and functions Backspace 1`] = `"<div data-testid="test-editor" class="aiev3" id="test-editor"><div style="width: 100%; height: 100%;" class="aiw-ContextMenu-module-WinFxq-contextMenuHandler "><div class="aiev3-resize aiev3-resize-border" style="width: 200px;"><div id="test-editor-editable" class="aiev3-editing multiline" contenteditable="true" role="textbox" spellcheck="false"><div class="aiev3-line decimal" style="grid-template-columns: 70% 30%;"><span class="aiev3-span-point lhs"><span class="aiev3-tb">34</span></span><span class="aiev3-span-point rhs"><span class="aiev3-tb">.4</span></span></div><div class="aiev3-line decimal" style="grid-template-columns: 70% 30%;"><span class="aiev3-span-point lhs"> </span><span class="aiev3-span-point rhs"> </span></div><div class="aiev3-line decimal" style="grid-template-columns: 70% 30%;"><span class="aiev3-span-point lhs"><span class="aiev3-tb editorv3style-shiny" data-style-name="shiny">x</span></span><span class="aiev3-span-point rhs"><span class="aiev3-tb editorv3style-shiny" data-style-name="shiny">.xx</span></span></div><div class="aiev3-contents-info" data-allow-new-line="true" data-decimal-align-percent="70" data-text-alignment="&quot;decimal&quot;"></div></div></div></div></div>"`;

exports[`Editor and functions Delete 1`] = `"<div data-testid="test-editor" class="aiev3" id="test-editor"><div style="width: 100%; height: 100%;" class="aiw-ContextMenu-module-WinFxq-contextMenuHandler "><div class="aiev3-resize aiev3-resize-border" style="width: 200px;"><div id="test-editor-editable" class="aiev3-editing multiline" contenteditable="true" role="textbox" spellcheck="false"><div class="aiev3-line decimal" style="grid-template-columns: 70% 30%;"><span class="aiev3-span-point lhs"><span class="aiev3-tb">45</span></span><span class="aiev3-span-point rhs"> </span></div><div class="aiev3-line decimal" style="grid-template-columns: 70% 30%;"><span class="aiev3-span-point lhs"> </span><span class="aiev3-span-point rhs"> </span></div><div class="aiev3-line decimal" style="grid-template-columns: 70% 30%;"><span class="aiev3-span-point lhs"><span class="aiev3-tb editorv3style-shiny" data-style-name="shiny">x</span></span><span class="aiev3-span-point rhs"><span class="aiev3-tb editorv3style-shiny" data-style-name="shiny">.xx</span></span></div><div class="aiev3-contents-info" data-allow-new-line="true" data-decimal-align-percent="70" data-text-alignment="&quot;decimal&quot;"></div></div></div></div></div>"`;

exports[`Editor and functions Draw and fire cursor events 1`] = `"<div class="aiev3" id="test-editor"><div style="width: 100%; height: 100%;" class="aiw-ContextMenu-module-WinFxq-contextMenuHandler "><div class="aiev3-resize aiev3-resize-border"><div id="test-editor-editable" class="aiev3-editing multiline" contenteditable="false" spellcheck="false"><div class="aiev3-line left"><span class="aiev3-tb">34.45</span></div><div class="aiev3-line left"><span class="aiev3-tb"> </span></div><div class="aiev3-line left"><span class="aiev3-tb editorv3style-shiny" data-style-name="shiny" style="color: pink; font-weight: 700;">x.xx</span></div><div class="aiev3-contents-info" data-allow-new-line="true" data-styles="{&quot;shiny&quot;:{&quot;color&quot;:&quot;pink&quot;,&quot;fontWeight&quot;:&quot;700&quot;}}"></div></div></div></div></div>"`;

exports[`Editor and functions Render two locked blocks 1`] = `
{
  "debug": [Function],
  "findAllByAltText": [Function],
  "findAllByDisplayValue": [Function],
  "findAllByLabelText": [Function],
  "findAllByPlaceholderText": [Function],
  "findAllByRole": [Function],
  "findAllByTestId": [Function],
  "findAllByText": [Function],
  "findAllByTitle": [Function],
  "findByAltText": [Function],
  "findByDisplayValue": [Function],
  "findByLabelText": [Function],
  "findByPlaceholderText": [Function],
  "findByRole": [Function],
  "findByTestId": [Function],
  "findByText": [Function],
  "findByTitle": [Function],
  "getAllByAltText": [Function],
  "getAllByDisplayValue": [Function],
  "getAllByLabelText": [Function],
  "getAllByPlaceholderText": [Function],
  "getAllByRole": [Function],
  "getAllByTestId": [Function],
  "getAllByText": [Function],
  "getAllByTitle": [Function],
  "getByAltText": [Function],
  "getByDisplayValue": [Function],
  "getByLabelText": [Function],
  "getByPlaceholderText": [Function],
  "getByRole": [Function],
  "getByTestId": [Function],
  "getByText": [Function],
  "getByTitle": [Function],
  "logTestingPlaygroundURL": [Function],
  "queryAllByAltText": [Function],
  "queryAllByDisplayValue": [Function],
  "queryAllByLabelText": [Function],
  "queryAllByPlaceholderText": [Function],
  "queryAllByRole": [Function],
  "queryAllByTestId": [Function],
  "queryAllByText": [Function],
  "queryAllByTitle": [Function],
  "queryByAltText": [Function],
  "queryByDisplayValue": [Function],
  "queryByLabelText": [Function],
  "queryByPlaceholderText": [Function],
  "queryByRole": [Function],
  "queryByTestId": [Function],
  "queryByText": [Function],
  "queryByTitle": [Function],
}
`;

exports[`Move left to start over at block Arrow left 1`] = `
<div
  class="aiev3"
  data-testid="test-editor"
  id="test-editor"
>
  <div
    class="aiw-ContextMenu-module-WinFxq-contextMenuHandler "
    style="width: 100%; height: 100%;"
  >
    <div
      class="aiev3-resize aiev3-resize-border"
    >
      <div
        class="aiev3-editing singleline"
        contenteditable="true"
        id="test-editor-editable"
        role="textbox"
        spellcheck="false"
      >
        <div
          class="aiev3-line left"
        >
          <span
            class="aiev3-tb at-block is-locked"
            data-is-locked="true"
            data-type="at"
          >
            @initial
          </span>
          <span
            class="aiev3-tb"
          >
             
          </span>
          <span
            class="aiev3-tb"
          >
            thing 
          </span>
          <span
            class="aiev3-tb at-block is-locked"
            data-is-locked="true"
            data-type="at"
          >
            @here
          </span>
          <span
            class="aiev3-tb"
          >
             
          </span>
        </div>
        <div
          class="aiev3-contents-info"
        />
      </div>
    </div>
  </div>
</div>
`;

exports[`Move left to start over at block Remove at block between spaces 1`] = `
<div
  class="aiev3"
  data-testid="test-editor"
  id="test-editor"
>
  <div
    class="aiw-ContextMenu-module-WinFxq-contextMenuHandler "
    style="width: 100%; height: 100%;"
  >
    <div
      class="aiev3-resize aiev3-resize-border"
    >
      <div
        class="aiev3-editing singleline"
        contenteditable="true"
        id="test-editor-editable"
        role="textbox"
        spellcheck="false"
      >
        <div
          class="aiev3-line left"
        >
          <span
            class="aiev3-tb"
          >
            0 
          </span>
          <span
            class="aiev3-tb at-block is-locked"
            data-is-locked="true"
            data-type="at"
          >
            @hello
          </span>
          <span
            class="aiev3-tb"
          >
             
          </span>
          <span
            class="aiev3-tb"
          >
             
          </span>
          <span
            class="aiev3-tb"
          >
            world
          </span>
        </div>
        <div
          class="aiev3-contents-info"
        />
      </div>
    </div>
  </div>
</div>
`;

exports[`Updates from above Change alignment 1`] = `"<div data-testid="editor" class="aiev3" id="test-editor"><div style="width: 100%; height: 100%;" class="aiw-ContextMenu-module-WinFxq-contextMenuHandler "><div class="aiev3-resize aiev3-resize-border"><div id="test-editor-editable" class="aiev3-editing singleline" contenteditable="true" role="textbox" spellcheck="false"><div class="aiev3-line center"><span class="aiev3-tb">Before</span></div><div class="aiev3-contents-info" data-allow-markdown="true" data-styles="{&quot;shiny&quot;:{&quot;color&quot;:&quot;pink&quot;,&quot;fontWeight&quot;:&quot;700&quot;}}" data-text-alignment="&quot;center&quot;"></div></div></div></div></div>"`;

exports[`Updates from above Change decimal align percent 1`] = `"<div data-testid="editor" class="aiev3" id="test-editor"><div style="width: 100%; height: 100%;" class="aiw-ContextMenu-module-WinFxq-contextMenuHandler "><div class="aiev3-resize aiev3-resize-border"><div id="test-editor-editable" class="aiev3-editing singleline" contenteditable="true" role="textbox" spellcheck="false"><div class="aiev3-line decimal" style="grid-template-columns: 80% 20%;"><span class="aiev3-span-point lhs"><span class="aiev3-tb">Before</span></span><span class="aiev3-span-point rhs"> </span></div><div class="aiev3-contents-info" data-allow-markdown="true" data-decimal-align-percent="80" data-styles="{&quot;shiny&quot;:{&quot;color&quot;:&quot;pink&quot;,&quot;fontWeight&quot;:&quot;700&quot;}}" data-text-alignment="&quot;decimal&quot;"></div></div></div></div></div>"`;

exports[`Updates from above Change input 1`] = `"<div data-testid="editor" class="aiev3" id="test-editor"><div style="width: 100%; height: 100%;" class="aiw-ContextMenu-module-WinFxq-contextMenuHandler "><div class="aiev3-resize aiev3-resize-border"><div id="test-editor-editable" class="aiev3-editing singleline" contenteditable="true" role="textbox" spellcheck="false"><div class="aiev3-line left"><span class="aiev3-tb">New&nbsp;</span><span class="aiev3-tb">&lt;&lt;shiny::input&gt;&gt;</span></div><div class="aiev3-contents-info" data-allow-markdown="true" data-styles="{&quot;shiny&quot;:{&quot;color&quot;:&quot;pink&quot;,&quot;fontWeight&quot;:&quot;700&quot;}}"></div></div></div></div></div>"`;

exports[`Updates from above Change markdown settings 1`] = `"<div data-testid="editor" class="aiev3" id="test-editor"><div style="width: 100%; height: 100%;" class="aiw-ContextMenu-module-WinFxq-contextMenuHandler "><div class="aiev3-resize aiev3-resize-border"><div id="test-editor-editable" class="aiev3-editing singleline" contenteditable="true" role="textbox" spellcheck="false"><div class="aiev3-markdown-line">Before</div><div class="aiev3-contents-info" data-allow-markdown="true" data-show-markdown="true" data-styles="{&quot;shiny&quot;:{&quot;color&quot;:&quot;pink&quot;,&quot;fontWeight&quot;:&quot;700&quot;}}"></div></div></div></div></div>"`;

exports[`Updates from above Change markdown settings 2`] = `"<div data-testid="editor" class="aiev3" id="test-editor"><div style="width: 100%; height: 100%;" class="aiw-ContextMenu-module-WinFxq-contextMenuHandler "><div class="aiev3-resize aiev3-resize-border"><div id="test-editor-editable" class="aiev3-editing singleline" contenteditable="true" role="textbox" spellcheck="false"><div class="aiev3-markdown-line">New &lt;&lt;shiny::input&gt;&gt;</div><div class="aiev3-contents-info" data-allow-markdown="true" data-show-markdown="true" data-styles="{&quot;shiny&quot;:{&quot;color&quot;:&quot;pink&quot;,&quot;fontWeight&quot;:&quot;700&quot;}}"></div></div></div></div></div>"`;

exports[`Updates from above Change markdown settings 3`] = `"<div data-testid="editor" class="aiev3" id="test-editor"><div style="width: 100%; height: 100%;" class="aiw-ContextMenu-module-WinFxq-contextMenuHandler "><div class="aiev3-resize aiev3-resize-border"><div id="test-editor-editable" class="aiev3-editing singleline" contenteditable="true" role="textbox" spellcheck="false"><div class="aiev3-markdown-line">New ¬¬shiny::input&gt;&gt;</div><div class="aiev3-contents-info" data-allow-markdown="true" data-markdown-settings="{&quot;styleStartTag&quot;:&quot;¬¬&quot;,&quot;styleNameEndTag&quot;:&quot;::&quot;,&quot;styleEndTag&quot;:&quot;>>&quot;,&quot;defaultStyle&quot;:&quot;defaultStyle&quot;,&quot;dropDownStartTag&quot;:&quot;[[&quot;,&quot;dropDownNameEndTag&quot;:&quot;::&quot;,&quot;dropDownEndTag&quot;:&quot;]]&quot;,&quot;dropDownValueSeparator&quot;:&quot;||&quot;,&quot;dropDownSelectedValueTag&quot;:&quot;**&quot;,&quot;calcStartTag&quot;:&quot;[![&quot;,&quot;calcNameEndTag&quot;:&quot;::&quot;,&quot;calcEndTag&quot;:&quot;]!]&quot;,&quot;calcConditionSeparator&quot;:&quot;||&quot;,&quot;calcAndSeparator&quot;:&quot;&amp;&amp;&quot;,&quot;atStartTag&quot;:&quot;@[&quot;,&quot;atEndTag&quot;:&quot;@]&quot;}" data-show-markdown="true" data-styles="{&quot;shiny&quot;:{&quot;color&quot;:&quot;pink&quot;,&quot;fontWeight&quot;:&quot;700&quot;}}"></div></div></div></div></div>"`;

exports[`Updates from above Change styles 1`] = `"<div data-testid="editor" class="aiev3" id="test-editor"><div style="width: 100%; height: 100%;" class="aiw-ContextMenu-module-WinFxq-contextMenuHandler "><div class="aiev3-resize aiev3-resize-border"><div id="test-editor-editable" class="aiev3-editing singleline" contenteditable="true" role="textbox" spellcheck="false"><div class="aiev3-line left"><span class="aiev3-tb">Before</span></div><div class="aiev3-contents-info" data-allow-markdown="true" data-styles="{&quot;shiny&quot;:{&quot;color&quot;:&quot;blue&quot;}}"></div></div></div></div></div>"`;
