// Jest Snapshot v1, https://goo.gl/fbAQLP

exports[`should return a DocumentFragment with a dropdown Ensure previous dropdowns are removed 1`] = `"<div class="aiev3-editable"><div class="aiev3-line"><span class="aiev3-tb at-block is-active" data-type="at">@<ul style="z-index: 1000; left: 0px; top: 0px;" class="aiev3-dropdown-list skip-read"><li class="aiev3-drop-item" data-text="@one" data-email="one">@one</li><li class="aiev3-drop-item" data-text="@two" data-email="two">@two</li><li class="aiev3-drop-item" data-text="@three" data-email="three">@three</li><li class="aiev3-drop-item" data-text="@four" data-email="four">@four</li><li class="aiev3-drop-item" data-text="@five" data-email="five">@five</li><li class="aiev3-drop-item" data-text="@six" data-email="six">@six</li><li class="aiev3-drop-item" data-text="@seven" data-email="seven">@seven</li><li class="aiev3-drop-item" data-text="@eight" data-email="eight">@eight</li><li class="aiev3-drop-item" data-text="@nine" data-email="nine">@nine</li><li class="aiev3-drop-item" data-text="@ten" data-email="ten">@ten</li><li class="aiev3-more-items">...10 more</li></ul></span></div></div>"`;

exports[`should return a DocumentFragment with a dropdown Ensure previous dropdowns are removed 2`] = `"<div class="aiev3-editable"><div class="aiev3-line"><span class="aiev3-tb at-block is-locked" data-type="at" data-is-locked="true" data-email="one">@one</span></div></div>"`;

exports[`should return a DocumentFragment with a dropdown Render dropdown and click off 1`] = `"<span class="aiev3-tb at-block is-locked" data-type="at" data-is-locked="true">@q</span>"`;

exports[`should return a DocumentFragment with a dropdown Render dropdown for all objects 1`] = `"<span class="aiev3-tb at-block is-active" data-type="at">@<ul style="z-index: 1000; left: 0px; top: 0px;" class="aiev3-dropdown-list skip-read"><li class="aiev3-drop-item" data-text="@one" data-email="one">@one</li><li class="aiev3-drop-item" data-text="@two" data-email="two">@two</li><li class="aiev3-drop-item" data-text="@three" data-email="three">@three</li><li class="aiev3-drop-item" data-text="@four" data-email="four">@four</li><li class="aiev3-drop-item" data-text="@five" data-email="five">@five</li><li class="aiev3-drop-item" data-text="@six" data-email="six">@six</li><li class="aiev3-drop-item" data-text="@seven" data-email="seven">@seven</li><li class="aiev3-drop-item" data-text="@eight" data-email="eight">@eight</li><li class="aiev3-drop-item" data-text="@nine" data-email="nine">@nine</li><li class="aiev3-drop-item" data-text="@ten" data-email="ten">@ten</li><li class="aiev3-more-items">...10 more</li></ul></span>"`;

exports[`should return a DocumentFragment with a dropdown Use data and linkRenderer 1`] = `"<span class="aiev3-tb at-block is-active" data-type="at">@<ul style="z-index: 1000; left: 0px; top: 0px;" class="aiev3-dropdown-list skip-read"><li class="aiev3-drop-item" data-text="aa" data-email="aa@0.com">George aa (aa@0.com)</li><li class="aiev3-drop-item" data-text="bb" data-email="bb@1.com">George bb (bb@1.com)</li><li class="aiev3-drop-item" data-text="cc" data-email="cc@2.com">George cc (cc@2.com)</li><li class="aiev3-drop-item" data-text="dd" data-email="dd@3.com">George dd (dd@3.com)</li><li class="aiev3-drop-item" data-text="ee" data-email="ee@4.com">George ee (ee@4.com)</li><li class="aiev3-drop-item" data-text="ff" data-email="ff@5.com">George ff (ff@5.com)</li><li class="aiev3-drop-item" data-text="gg" data-email="gg@6.com">George gg (gg@6.com)</li><li class="aiev3-drop-item" data-text="hh" data-email="hh@7.com">George hh (hh@7.com)</li><li class="aiev3-drop-item" data-text="ii" data-email="ii@8.com">George ii (ii@8.com)</li><li class="aiev3-drop-item" data-text="jj" data-email="jj@9.com">George jj (jj@9.com)</li><li class="aiev3-drop-item" data-text="kk" data-email="kk@10.com">George kk (kk@10.com)</li><li class="aiev3-drop-item" data-text="ll" data-email="ll@11.com">George ll (ll@11.com)</li><li class="aiev3-drop-item" data-text="mm" data-email="mm@12.com">George mm (mm@12.com)</li><li class="aiev3-drop-item" data-text="nn" data-email="nn@13.com">George nn (nn@13.com)</li><li class="aiev3-drop-item" data-text="oo" data-email="oo@14.com">George oo (oo@14.com)</li><li class="aiev3-drop-item" data-text="pp" data-email="pp@15.com">George pp (pp@15.com)</li><li class="aiev3-drop-item" data-text="qq" data-email="qq@16.com">George qq (qq@16.com)</li><li class="aiev3-drop-item" data-text="rr" data-email="rr@17.com">George rr (rr@17.com)</li><li class="aiev3-drop-item" data-text="ss" data-email="ss@18.com">George ss (ss@18.com)</li><li class="aiev3-drop-item" data-text="tt" data-email="tt@19.com">George tt (tt@19.com)</li><li class="aiev3-more-items">...6 more</li></ul></span>"`;

exports[`should return a DocumentFragment with a dropdown Use data and linkRenderer 2`] = `"<span class="aiev3-tb at-block is-locked" data-type="at" data-is-locked="true" data-email="aa@0.com">aa</span>"`;
